{
  "meta": {
    "spec": "0.1"
  },
  "data": [
    {
      "jzml": 1538671495300
    }
  ]
}